package impl

import (
	"context"
	"flag"
	"fmt"
	"math/rand"
	"net"
	"os"
	"strconv"

	ctrdlog "github.com/containerd/containerd/log"
	log "github.com/sirupsen/logrus"

	pb_client "cofaas/protos/prodcon"

	pb "cofaas/protos/helloworld"
)

type producerServer struct {
	consumerAddr	string
	consumerPort	int
	payloadData	[]byte
	transferType	string
	randomStr	string
	pb.UnimplementedGreeterServer
}

const (
	INLINE		= "INLINE"
	XDT		= "XDT"
	S3		= "S3"
	ELASTICACHE	= "ELASTICACHE"
)

var verbose = flag.Bool("v", false, "Be verbose")

func getGRPCclient(addr string) (pb_client.ProducerConsumerClient, *grpc.ClientConn) {

	var conn *grpc.ClientConn
	var err error
	conn, err = grpc.Dial(addr, grpc.WithBlock(), grpc.WithTransportCredentials(insecure.NewCredentials()))
	if err != nil {
		log.Fatalf("[producer] fail to dial: %s", err)
	}
	return pb_client.NewProducerConsumerClient(conn), conn
}

func (ps *producerServer) SayHello(ctx context.Context, req *pb.HelloRequest) (_ *pb.HelloReply, err error) {
	addr := fmt.Sprintf("%v:%v", ps.consumerAddr, ps.consumerPort)
	client, conn := getGRPCclient(addr)
	defer conn.Close()
	payloadToSend := ps.payloadData
	for i := 1; i <= 1; i++ {
		ack, err := client.ConsumeByte(ctx, &pb_client.ConsumeByteRequest{Value: payloadToSend})
		if err != nil {
			log.Fatalf("[producer] client error in string consumption: %s", err)
		}
		if *verbose {
			log.Printf("[producer] (single) Ack: %v\n", ack.Value)
		}
	}
	return &pb.HelloReply{Message: "Success"}, err
}

func Main() {
	flagAddress := flag.String("addr", "consumer.default.192.168.1.240.sslip.io", "Server IP address")
	flagClientPort := flag.Int("pc", 80, "Client Port")
	flagServerPort := flag.Int("ps", 80, "Server Port")
	flag.Parse()

	log.SetFormatter(&log.TextFormatter{
		TimestampFormat:	ctrdlog.RFC3339NanoFixed,
		FullTimestamp:		true,
	})
	log.SetOutput(os.Stdout)

	log.Println("producer has tracing DISABLED")

	var grpcServer *grpc.Server
	grpcServer = grpc.NewServer()

	log.Printf("[producer] Client using address: %v:%d\n", *flagAddress, *flagClientPort)

	ps := producerServer{consumerAddr: *flagAddress, consumerPort: *flagClientPort}
	transferType, ok := os.LookupEnv("TRANSFER_TYPE")
	if !ok {
		log.Infof("TRANSFER_TYPE not found, using INLINE transfer")
		transferType = INLINE
	}
	log.Infof("[producer] transfering via %s", transferType)
	ps.transferType = transferType

	transferSizeKB := 1
	if value, ok := os.LookupEnv("TRANSFER_SIZE_KB"); ok {
		if intValue, err := strconv.Atoi(value); err == nil {
			transferSizeKB = intValue
		} else {
			log.Infof("invalid TRANSFER_SIZE_KB: %s, using default %d", value, transferSizeKB)
		}
	}

	payloadData := make([]byte, transferSizeKB*1024)
	if _, err := rand.Read(payloadData); err != nil {
		log.Fatal(err)
	}
	ps.randomStr = os.Getenv("HOSTNAME")

	log.Infof("sending %d bytes to consumer", len(payloadData))
	ps.payloadData = payloadData
	pb.RegisterGreeterServer(grpcServer, &ps)
	reflection.Register(grpcServer)

	lis, err := net.Listen("tcp", fmt.Sprintf(":%d", *flagServerPort))
	if err != nil {
		log.Fatalf("[producer] failed to listen: %v", err)
	}

	log.Println("[producer] Server Started")

	if err := grpcServer.Serve(lis); err != nil {
		log.Fatalf("[producer] failed to serve: %s", err)
	}

}

import "github.com/truls/cofaas-go/stubs/grpc"
import "github.com/truls/cofaas-go/stubs/net"
